
[2025-11-10 07:31:03] Google Pay Payment Request
================================================================================
{
    "timestamp": "2025-11-10 07:31:03",
    "endpoint": "POST /google-pay-payments",
    "full_url": "https://uat.api.converge.eu.elavonaws.com/google-pay-payments",
    "headers": {
        "Accept": "application/json",
        "Accept-Version": 1,
        "Content-Type": "application/json",
        "Authorization": "Basic ZjJxa2p5YmRjbWZxajN0OGYyOGJwNnR2ZjRqcjoqKio="
    },
    "request_body": {
        "token": "{\"signature\":\"MEUCIQCZ3Hznjyy2W3qXTadA0BgnACiAyEyGfKS4kXt1+bNPnAIgPnf4OR9OCK0XT3jBrmSvzzlKruY8X/KkpIQamv3MfS8\\u003d\",\"intermediateSigningKey\":{\"signedKey\":\"{\\\"keyValue\\\":\\\"MFkwEwYHKoZIzj0CAQYIKoZIzj0DAQcDQgAEPXvoZ3LNCQBxCeq2BLeQ+Cm2YRzmI189L0q7PS/5cSYthG36LEEQwRd46inuw+aZnR5DswB+6hhsGRBlZUW7Fg\\\\u003d\\\\u003d\\\",\\\"keyExpiration\\\":\\\"1763430857128\\\"}\",\"signatures\":[\"MEUCIQDyxLZ6A5jA2p4HPDjtaw341Rg9pqAnG+MMW+TiCd64dwIgD4/vDlK5BAYUfvLvBR/1zAKqaBY1Yzi/V2oIzshc64w\\u003d\"]},\"protocolVersion\":\"ECv2\",\"signedMessage\":\"{\\\"encryptedMessage\\\":\\\"9nmUDhD6en89g88Tl+MvJpIWKzDfvTyTjpcCnBcMRTdO6VLtPYYBK5rzz4JiZ3HpwmqMP1d32zG+2EvkV/7k+Zs6j4t+AVJjQ29jiZ7H/D1VCdSc12AT4p11kp9NtetEeBRr8Bej9t7iiZgRq/h0QRZIjGlIyKYdT1jmFADVcmD9c7uIVP5ck3GsRaLffrPbWwsoEF14kXhJybl+xZe0CzIWGISK7Hc2qfGWOaenGHUKkxP6hiel3OAM3ABcyu80ZFncrtkcW/F/9w0Bw67+QdNq6hKcXGwh3xyuAWlEUA2c2dkgcAQmS3MC6BRv7guIRO/Z7FcT1enVPjp/6ab9pixMgV/jyk9ierj6+wufyDq2QYI1k/G+ZC9m4jmeHCHlDukOtHcmHUs1mJ25TXgY/dl8lA7H/CWDObJTthV4lUdGvpH0f5veYfv+MVIxG/WsffTR49F6dJ7rdXivVbebpRv6Sv0uryZe2J3x1M2S/Zre7f7mEhNNAFEK8u2Q4k+dOWwK+RrbDG7zDzde56KjZakcEEtFDZFxTOSwr5BiX+HHUEjNplkNby5SKIcuKUHQ/1/VvcUA7Hu/hkS/SGGwS3PriwFnHrQsHg51DCEUicFmB+M\\\\u003d\\\",\\\"ephemeralPublicKey\\\":\\\"BGqrOHjz08WOmIdABItNNwHnIdYEF6n6wIaAUn5ghVSucDq97PB+NmA6BFp3kHiRuUrYjmHpOy/GrUljy3EV7FQ\\\\u003d\\\",\\\"tag\\\":\\\"wDjPOUlOdTQHpMkat6Lx149QFAgcrpcOYr1KhsHraAc\\\\u003d\\\"}\"}",
        "customReference": "DYNAMIC-1762759863012"
    }
}

[2025-11-10 07:31:03] Google Pay Payment Response
================================================================================
{
    "timestamp": "2025-11-10 07:31:03",
    "endpoint": "POST /google-pay-payments",
    "status": "success",
    "response_body": {
        "href": "https://uat.api.converge.eu.elavonaws.com/google-pay-payments/tt73vfj82j83pmpdhw4mvy96bjmb",
        "id": "tt73vfj82j83pmpdhw4mvy96bjmb",
        "createdAt": "2025-11-10T07:31:03+00:00",
        "expiresAt": "2025-11-10T08:01:03+00:00",
        "merchant": "https://uat.api.converge.eu.elavonaws.com/merchants/24ktxxdw8jpbjkcc3mb79jqxhbwk",
        "processorAccount": "https://uat.api.converge.eu.elavonaws.com/processor-accounts/23c3vm8fymhrvy8b2f8wc3v8w7mh",
        "card": {
            "panFingerprint": "gqqwhk3q2c9qtdfm9b7vgmty",
            "expirationMonth": 12,
            "expirationYear": 2027,
            "maskedNumber": "XXXXXXXXXXXX1111",
            "last4": "1111",
            "bin": "411111",
            "scheme": "Visa",
            "brand": "Visa Credit",
            "fundingSource": "credit",
            "issuingBank": "Google Pay Test",
            "issuingCountry": "USA",
            "issuingCurrency": "USD",
            "isDebit": "false",
            "isCorporate": "false",
            "isDccAllowed": "true"
        },
        "customReference": "DYNAMIC-1762759863012",
        "verificationResults": {
            "name": "unprovided",
            "securityCode": "unprovided",
            "addressStreet": "unprovided",
            "addressPostalCode": "unprovided",
            "threeDSecureV2": "unprovided",
            "cryptogramSecurity": "unprovided"
        }
    }
}

[2025-11-10 07:31:03] Transaction Request
================================================================================
{
    "timestamp": "2025-11-10 07:31:03",
    "endpoint": "POST /transactions",
    "full_url": "https://uat.api.converge.eu.elavonaws.com/transactions",
    "headers": {
        "Accept": "application/json",
        "Accept-Version": 1,
        "Content-Type": "application/json",
        "Authorization": "Basic ZjJxa2p5YmRjbWZxajN0OGYyOGJwNnR2ZjRqcjoqKio="
    },
    "request_body": {
        "total": {
            "amount": 984,
            "currencyCode": "GBP"
        },
        "orderReference": "DYNAMIC-1762759863012",
        "shopperInteraction": "ecommerce",
        "shopperEmailAddress": "customer@example.com",
        "doCapture": true,
        "doSendReceipt": true,
        "type": "sale"
    }
}

[2025-11-10 07:31:04] Transaction Error
================================================================================
{
    "timestamp": "2025-11-10 07:31:04",
    "endpoint": "POST /transactions",
    "error": [400] Client error: `POST https://uat.api.converge.eu.elavonaws.com/transactions` resulted in a `400 Bad Request` response: { "status" : 400, "failures" : [ { "code" : "badRequest", "description" : "The request is invalid; correct a (truncated...) API Details: "{\n \"status\" : 400,\n \"failures\" : [ {\n \"code\" : \"badRequest\",\n \"description\" : \"The request is invalid; correct all issues before resending\",\n \"field\" : null\n }, {\n \"code\" : \"fieldValidationFailure\",\n \"description\" : \"exactly one of the following fields must not be null for type 'sale': card, hostedCard, storedCard, applePayPayment, googlePayPayment, hsmCard, pazePayment, blik, polishBankTransfer, achPayment, hostedAchPayment, storedAchPayment\",\n \"field\" : null\n } ]\n}",
    "trace": "#0 /app/src/V1/EPG/ElavonPlayground/TransactionsApi.php(506): Gear4music\\ElavonPlayground\\V1\\EPG\\ElavonPlayground\\TransactionsApi->createTransactionWithHttpInfo(Object(Gear4music\\ElavonPlayground\\V1\\EPG\\Model\\SaleTransaction), NULL, NULL, NULL)\n#1 /app/src/V1/EPG/Client.php(642): Gear4music\\ElavonPlayground\\V1\\EPG\\ElavonPlayground\\TransactionsApi->createTransaction(Object(Gear4music\\ElavonPlayground\\V1\\EPG\\Model\\SaleTransaction))\n#2 /app/src/V1/Controller/ProcessGooglepayDirect.php(49): Gear4music\\ElavonPlayground\\V1\\EPG\\Client->processGooglePayDirect('{\"signature\":\"M...', 984.0, 'GBP', 'DYNAMIC-1762759...', 'customer@exampl...', Array)\n#3 /app/vendor/gear4music/php-japi/src/Gear4music/JAPI/Controller.php(53): Gear4music\\ElavonPlayground\\V1\\Controller\\ProcessGooglePayDirect->dispatch()\n#4 /app/vendor/gear4music/php-japi/src/Gear4music/JAPI/Application.php(98): Gear4music\\JAPI\\Controller->__invoke(Object(Gear4music\\JAPI\\ServerRequest), Object(GuzzleHttp\\Psr7\\Response), Object(Gear4music\\JAPI\\ExtendedApplication))\n#5 /app/vendor/gear4music/php-japi/src/Gear4music/JAPI/Application.php(72): Gear4music\\JAPI\\Application->__invoke(Object(Gear4music\\JAPI\\ServerRequest), Object(GuzzleHttp\\Psr7\\Response))\n#6 /app/vendor/gear4music/php-japi-extended/public/index.php(55): Gear4music\\JAPI\\Application->run(Object(Gear4music\\JAPI\\ServerRequest), Object(GuzzleHttp\\Psr7\\Response))\n#7 /var/www/html/g4mapp.php(14): require_once('/app/vendor/gea...')\n#8 {main}"
}
